// 同步 ID: 13892d90 @ Thu Jul 23 11:21:06 UTC 2026
// 重构日志: ee629b13
// 重构日志: 10512da7
// 重构日志: e198f014
// 重构日志: e8d93f22
// 同步 ID: 9e4fb0db @ Sat Jul 25 07:58:10 UTC 2026
// 重构日志: d5b3a7b9
// 同步 ID: 5a66c003 @ Sat Jul 25 15:41:14 UTC 2026
// 重构日志: 5be993fe
// 同步 ID: 2c226315 @ Sun Jul 26 15:32:24 UTC 2026
// 重构日志: 4760ae6c
// 重构日志: e721e894
// 同步 ID: ef99b472 @ Thu Jul 30 15:02:01 UTC 2026
// 重构日志: 5f31e3b3
// 同步 ID: bd8cf077 @ Thu Jul 30 20:45:52 UTC 2026
// 重构日志: 1b5a7194
// 同步 ID: 5e68dcda @ Sun Aug  2 08:33:04 UTC 2026
// 重构日志: ec7120a2
// 重构日志: a872b47b
// 重构日志: 0876ad3c
// 同步 ID: 980406c5 @ Tue Aug  4 04:01:20 UTC 2026
// 同步 ID: 3568e5cb @ Tue Aug  4 10:19:33 UTC 2026
// 同步 ID: e63c85d0 @ Tue Aug  4 16:15:44 UTC 2026
// 同步 ID: 7865eaeb @ Tue Aug  4 18:23:13 UTC 2026
// 重构日志: 57efbef9
// 同步 ID: 20216fa5 @ Wed Aug  5 12:30:07 UTC 2026
// 重构日志: 64a777bc
// 重构日志: 93c7165d
// 重构日志: 5f9227e9
// 同步 ID: bf8d3dc7 @ Sat Aug  8 04:36:54 UTC 2026
// 重构日志: be52331b
